// Jest Snapshot v1, https://goo.gl/fbAQLP

exports[`<About /> should render as expected 1`] = `
<div
  className="container"
>
  <h1
    className="title"
  >
    About
  </h1>
  <p
    className="content"
  >
    Blah blah blah
  </p>
</div>
`;
